// Jest Snapshot v1, https://goo.gl/fbAQLP

exports[`test/unit/filemapper/filemapper.test.js/filemapper: 4.filemap-with-components 1`] = `
Object {
  "asyncModule": undefined,
  "children": Array [
    Object {
      "asyncModule": undefined,
      "children": Array [],
      "file": File {
        "base": "_reset.svelte",
        "dir": "test/unit/filemapper/example/routes/admin",
        "ext": ".svelte",
        "name": "_reset",
        "path": "test/unit/filemapper/example/routes/admin/_reset.svelte",
      },
      "id": "_default_admin",
      "meta": Object {
        "reset": true,
      },
      "module": "test/unit/filemapper/example/routes/admin/_reset.svelte",
      "name": "admin",
    },
    Object {
      "asyncModule": undefined,
      "children": Array [
        Object {
          "asyncModule": undefined,
          "children": Array [],
          "file": File {
            "base": "[slug].svelte",
            "dir": "test/unit/filemapper/example/routes/blog",
            "ext": ".svelte",
            "name": "[slug]",
            "path": "test/unit/filemapper/example/routes/blog/[slug].svelte",
          },
          "id": "_default_blog__slug__svelte",
          "meta": Object {
            "dynamic": true,
            "order": false,
          },
          "module": "test/unit/filemapper/example/routes/blog/[slug].svelte",
          "name": "[slug]",
        },
        Object {
          "asyncModule": undefined,
          "children": Array [],
          "file": File {
            "base": "prefixed[slug].svelte",
            "dir": "test/unit/filemapper/example/routes/blog",
            "ext": ".svelte",
            "name": "prefixed[slug]",
            "path": "test/unit/filemapper/example/routes/blog/prefixed[slug].svelte",
          },
          "id": "_default_blog_prefixed_slug__svelte",
          "meta": Object {
            "dynamic": true,
            "order": false,
          },
          "module": "test/unit/filemapper/example/routes/blog/prefixed[slug].svelte",
          "name": "prefixed[slug]",
        },
      ],
      "file": File {
        "base": "blog",
        "dir": "test/unit/filemapper/example/routes",
        "ext": "",
        "name": "blog",
        "path": "test/unit/filemapper/example/routes/blog",
      },
      "id": "_default_blog",
      "meta": Object {},
      "module": false,
      "name": "blog",
    },
    Object {
      "asyncModule": undefined,
      "children": Array [],
      "file": File {
        "base": "index.svelte",
        "dir": "test/unit/filemapper/example/routes",
        "ext": ".svelte",
        "name": "index",
        "path": "test/unit/filemapper/example/routes/index.svelte",
      },
      "id": "_default_index_svelte",
      "meta": Object {
        "isDefault": true,
      },
      "module": "test/unit/filemapper/example/routes/index.svelte",
      "name": "index",
    },
    Object {
      "asyncModule": undefined,
      "children": Array [
        Object {
          "asyncModule": undefined,
          "children": Array [
            Object {
              "asyncModule": undefined,
              "children": Array [],
              "file": File {
                "base": "foo.svelte",
                "dir": "test/unit/filemapper/example/routes/no-layouts/nested",
                "ext": ".svelte",
                "name": "foo",
                "path": "test/unit/filemapper/example/routes/no-layouts/nested/foo.svelte",
              },
              "id": "_default_no_layouts_nested_foo_svelte",
              "meta": Object {},
              "module": "test/unit/filemapper/example/routes/no-layouts/nested/foo.svelte",
              "name": "foo",
            },
            Object {
              "asyncModule": undefined,
              "children": Array [],
              "file": File {
                "base": "index.svelte",
                "dir": "test/unit/filemapper/example/routes/no-layouts/nested",
                "ext": ".svelte",
                "name": "index",
                "path": "test/unit/filemapper/example/routes/no-layouts/nested/index.svelte",
              },
              "id": "_default_no_layouts_nested_index_svelte",
              "meta": Object {
                "isDefault": true,
              },
              "module": "test/unit/filemapper/example/routes/no-layouts/nested/index.svelte",
              "name": "index",
            },
          ],
          "file": File {
            "base": "nested",
            "dir": "test/unit/filemapper/example/routes/no-layouts",
            "ext": "",
            "name": "nested",
            "path": "test/unit/filemapper/example/routes/no-layouts/nested",
          },
          "id": "_default_no_layouts_nested",
          "meta": Object {},
          "module": false,
          "name": "nested",
        },
      ],
      "file": File {
        "base": "no-layouts",
        "dir": "test/unit/filemapper/example/routes",
        "ext": "",
        "name": "no-layouts",
        "path": "test/unit/filemapper/example/routes/no-layouts",
      },
      "id": "_default_no_layouts",
      "meta": Object {},
      "module": false,
      "name": "no-layouts",
    },
    Object {
      "asyncModule": undefined,
      "children": Array [],
      "file": File {
        "base": "[...404].svelte",
        "dir": ".routify/components",
        "ext": ".svelte",
        "name": "[...404]",
        "path": ".routify/components/[...404].svelte",
      },
      "id": undefined,
      "meta": Object {
        "dynamic": true,
        "dynamicSpread": true,
        "order": false,
      },
      "module": "./.routify/components/[...404].svelte",
      "name": "[...404]",
    },
  ],
  "file": File {
    "base": "_module.svelte",
    "dir": "test/unit/filemapper/example/routes",
    "ext": ".svelte",
    "name": "_module",
    "path": "test/unit/filemapper/example/routes/_module.svelte",
  },
  "id": "_default",
  "meta": Object {},
  "module": "test/unit/filemapper/example/routes/_module.svelte",
  "name": "",
  "rootName": "default",
}
`;

exports[`test/unit/filemapper/filemapper.test.js/files are mapped: 1.filemap-only 1`] = `
Object {
  "asyncModule": undefined,
  "children": Array [
    Object {
      "asyncModule": undefined,
      "children": Array [],
      "file": File {
        "base": "_module.svelte",
        "dir": "test/unit/filemapper/example/routes",
        "ext": ".svelte",
        "name": "_module",
        "path": "test/unit/filemapper/example/routes/_module.svelte",
      },
      "id": "_default__module_svelte",
      "meta": Object {},
      "module": "test/unit/filemapper/example/routes/_module.svelte",
      "name": "_module",
    },
    Object {
      "asyncModule": undefined,
      "children": Array [
        Object {
          "asyncModule": undefined,
          "children": Array [],
          "file": File {
            "base": "_reset.svelte",
            "dir": "test/unit/filemapper/example/routes/admin",
            "ext": ".svelte",
            "name": "_reset",
            "path": "test/unit/filemapper/example/routes/admin/_reset.svelte",
          },
          "id": "_default_admin__reset_svelte",
          "meta": Object {},
          "module": "test/unit/filemapper/example/routes/admin/_reset.svelte",
          "name": "_reset",
        },
      ],
      "file": File {
        "base": "admin",
        "dir": "test/unit/filemapper/example/routes",
        "ext": "",
        "name": "admin",
        "path": "test/unit/filemapper/example/routes/admin",
      },
      "id": "_default_admin",
      "meta": Object {},
      "module": false,
      "name": "admin",
    },
    Object {
      "asyncModule": undefined,
      "children": Array [
        Object {
          "asyncModule": undefined,
          "children": Array [],
          "file": File {
            "base": "[slug].svelte",
            "dir": "test/unit/filemapper/example/routes/blog",
            "ext": ".svelte",
            "name": "[slug]",
            "path": "test/unit/filemapper/example/routes/blog/[slug].svelte",
          },
          "id": "_default_blog__slug__svelte",
          "meta": Object {},
          "module": "test/unit/filemapper/example/routes/blog/[slug].svelte",
          "name": "[slug]",
        },
        Object {
          "asyncModule": undefined,
          "children": Array [],
          "file": File {
            "base": "prefixed[slug].svelte",
            "dir": "test/unit/filemapper/example/routes/blog",
            "ext": ".svelte",
            "name": "prefixed[slug]",
            "path": "test/unit/filemapper/example/routes/blog/prefixed[slug].svelte",
          },
          "id": "_default_blog_prefixed_slug__svelte",
          "meta": Object {},
          "module": "test/unit/filemapper/example/routes/blog/prefixed[slug].svelte",
          "name": "prefixed[slug]",
        },
      ],
      "file": File {
        "base": "blog",
        "dir": "test/unit/filemapper/example/routes",
        "ext": "",
        "name": "blog",
        "path": "test/unit/filemapper/example/routes/blog",
      },
      "id": "_default_blog",
      "meta": Object {},
      "module": false,
      "name": "blog",
    },
    Object {
      "asyncModule": undefined,
      "children": Array [],
      "file": File {
        "base": "index.svelte",
        "dir": "test/unit/filemapper/example/routes",
        "ext": ".svelte",
        "name": "index",
        "path": "test/unit/filemapper/example/routes/index.svelte",
      },
      "id": "_default_index_svelte",
      "meta": Object {},
      "module": "test/unit/filemapper/example/routes/index.svelte",
      "name": "index",
    },
    Object {
      "asyncModule": undefined,
      "children": Array [
        Object {
          "asyncModule": undefined,
          "children": Array [
            Object {
              "asyncModule": undefined,
              "children": Array [],
              "file": File {
                "base": "foo.svelte",
                "dir": "test/unit/filemapper/example/routes/no-layouts/nested",
                "ext": ".svelte",
                "name": "foo",
                "path": "test/unit/filemapper/example/routes/no-layouts/nested/foo.svelte",
              },
              "id": "_default_no_layouts_nested_foo_svelte",
              "meta": Object {},
              "module": "test/unit/filemapper/example/routes/no-layouts/nested/foo.svelte",
              "name": "foo",
            },
            Object {
              "asyncModule": undefined,
              "children": Array [],
              "file": File {
                "base": "index.svelte",
                "dir": "test/unit/filemapper/example/routes/no-layouts/nested",
                "ext": ".svelte",
                "name": "index",
                "path": "test/unit/filemapper/example/routes/no-layouts/nested/index.svelte",
              },
              "id": "_default_no_layouts_nested_index_svelte",
              "meta": Object {},
              "module": "test/unit/filemapper/example/routes/no-layouts/nested/index.svelte",
              "name": "index",
            },
          ],
          "file": File {
            "base": "nested",
            "dir": "test/unit/filemapper/example/routes/no-layouts",
            "ext": "",
            "name": "nested",
            "path": "test/unit/filemapper/example/routes/no-layouts/nested",
          },
          "id": "_default_no_layouts_nested",
          "meta": Object {},
          "module": false,
          "name": "nested",
        },
      ],
      "file": File {
        "base": "no-layouts",
        "dir": "test/unit/filemapper/example/routes",
        "ext": "",
        "name": "no-layouts",
        "path": "test/unit/filemapper/example/routes/no-layouts",
      },
      "id": "_default_no_layouts",
      "meta": Object {},
      "module": false,
      "name": "no-layouts",
    },
  ],
  "file": File {
    "base": "routes",
    "dir": "test/unit/filemapper/example",
    "ext": "",
    "name": "routes",
    "path": "test/unit/filemapper/example/routes",
  },
  "id": "_default",
  "meta": Object {},
  "module": undefined,
  "name": "",
  "rootName": "default",
}
`;

exports[`test/unit/filemapper/filemapper.test.js/modules are merged with parent node: 2.filemap-with-modules 1`] = `
Object {
  "asyncModule": undefined,
  "children": Array [
    Object {
      "asyncModule": undefined,
      "children": Array [],
      "file": File {
        "base": "_reset.svelte",
        "dir": "test/unit/filemapper/example/routes/admin",
        "ext": ".svelte",
        "name": "_reset",
        "path": "test/unit/filemapper/example/routes/admin/_reset.svelte",
      },
      "id": "_default_admin",
      "meta": Object {},
      "module": "test/unit/filemapper/example/routes/admin/_reset.svelte",
      "name": "admin",
    },
    Object {
      "asyncModule": undefined,
      "children": Array [
        Object {
          "asyncModule": undefined,
          "children": Array [],
          "file": File {
            "base": "[slug].svelte",
            "dir": "test/unit/filemapper/example/routes/blog",
            "ext": ".svelte",
            "name": "[slug]",
            "path": "test/unit/filemapper/example/routes/blog/[slug].svelte",
          },
          "id": "_default_blog__slug__svelte",
          "meta": Object {},
          "module": "test/unit/filemapper/example/routes/blog/[slug].svelte",
          "name": "[slug]",
        },
        Object {
          "asyncModule": undefined,
          "children": Array [],
          "file": File {
            "base": "prefixed[slug].svelte",
            "dir": "test/unit/filemapper/example/routes/blog",
            "ext": ".svelte",
            "name": "prefixed[slug]",
            "path": "test/unit/filemapper/example/routes/blog/prefixed[slug].svelte",
          },
          "id": "_default_blog_prefixed_slug__svelte",
          "meta": Object {},
          "module": "test/unit/filemapper/example/routes/blog/prefixed[slug].svelte",
          "name": "prefixed[slug]",
        },
      ],
      "file": File {
        "base": "blog",
        "dir": "test/unit/filemapper/example/routes",
        "ext": "",
        "name": "blog",
        "path": "test/unit/filemapper/example/routes/blog",
      },
      "id": "_default_blog",
      "meta": Object {},
      "module": false,
      "name": "blog",
    },
    Object {
      "asyncModule": undefined,
      "children": Array [],
      "file": File {
        "base": "index.svelte",
        "dir": "test/unit/filemapper/example/routes",
        "ext": ".svelte",
        "name": "index",
        "path": "test/unit/filemapper/example/routes/index.svelte",
      },
      "id": "_default_index_svelte",
      "meta": Object {},
      "module": "test/unit/filemapper/example/routes/index.svelte",
      "name": "index",
    },
    Object {
      "asyncModule": undefined,
      "children": Array [
        Object {
          "asyncModule": undefined,
          "children": Array [
            Object {
              "asyncModule": undefined,
              "children": Array [],
              "file": File {
                "base": "foo.svelte",
                "dir": "test/unit/filemapper/example/routes/no-layouts/nested",
                "ext": ".svelte",
                "name": "foo",
                "path": "test/unit/filemapper/example/routes/no-layouts/nested/foo.svelte",
              },
              "id": "_default_no_layouts_nested_foo_svelte",
              "meta": Object {},
              "module": "test/unit/filemapper/example/routes/no-layouts/nested/foo.svelte",
              "name": "foo",
            },
            Object {
              "asyncModule": undefined,
              "children": Array [],
              "file": File {
                "base": "index.svelte",
                "dir": "test/unit/filemapper/example/routes/no-layouts/nested",
                "ext": ".svelte",
                "name": "index",
                "path": "test/unit/filemapper/example/routes/no-layouts/nested/index.svelte",
              },
              "id": "_default_no_layouts_nested_index_svelte",
              "meta": Object {},
              "module": "test/unit/filemapper/example/routes/no-layouts/nested/index.svelte",
              "name": "index",
            },
          ],
          "file": File {
            "base": "nested",
            "dir": "test/unit/filemapper/example/routes/no-layouts",
            "ext": "",
            "name": "nested",
            "path": "test/unit/filemapper/example/routes/no-layouts/nested",
          },
          "id": "_default_no_layouts_nested",
          "meta": Object {},
          "module": false,
          "name": "nested",
        },
      ],
      "file": File {
        "base": "no-layouts",
        "dir": "test/unit/filemapper/example/routes",
        "ext": "",
        "name": "no-layouts",
        "path": "test/unit/filemapper/example/routes/no-layouts",
      },
      "id": "_default_no_layouts",
      "meta": Object {},
      "module": false,
      "name": "no-layouts",
    },
  ],
  "file": File {
    "base": "_module.svelte",
    "dir": "test/unit/filemapper/example/routes",
    "ext": ".svelte",
    "name": "_module",
    "path": "test/unit/filemapper/example/routes/_module.svelte",
  },
  "id": "_default",
  "meta": Object {},
  "module": "test/unit/filemapper/example/routes/_module.svelte",
  "name": "",
  "rootName": "default",
}
`;

exports[`test/unit/filemapper/filemapper.test.js/options get added: 3.filemap-with-resets 1`] = `
Object {
  "asyncModule": undefined,
  "children": Array [
    Object {
      "asyncModule": undefined,
      "children": Array [],
      "file": File {
        "base": "_reset.svelte",
        "dir": "test/unit/filemapper/example/routes/admin",
        "ext": ".svelte",
        "name": "_reset",
        "path": "test/unit/filemapper/example/routes/admin/_reset.svelte",
      },
      "id": "_default_admin",
      "meta": Object {
        "reset": true,
      },
      "module": "test/unit/filemapper/example/routes/admin/_reset.svelte",
      "name": "admin",
    },
    Object {
      "asyncModule": undefined,
      "children": Array [
        Object {
          "asyncModule": undefined,
          "children": Array [],
          "file": File {
            "base": "[slug].svelte",
            "dir": "test/unit/filemapper/example/routes/blog",
            "ext": ".svelte",
            "name": "[slug]",
            "path": "test/unit/filemapper/example/routes/blog/[slug].svelte",
          },
          "id": "_default_blog__slug__svelte",
          "meta": Object {
            "dynamic": true,
            "order": false,
          },
          "module": "test/unit/filemapper/example/routes/blog/[slug].svelte",
          "name": "[slug]",
        },
        Object {
          "asyncModule": undefined,
          "children": Array [],
          "file": File {
            "base": "prefixed[slug].svelte",
            "dir": "test/unit/filemapper/example/routes/blog",
            "ext": ".svelte",
            "name": "prefixed[slug]",
            "path": "test/unit/filemapper/example/routes/blog/prefixed[slug].svelte",
          },
          "id": "_default_blog_prefixed_slug__svelte",
          "meta": Object {
            "dynamic": true,
            "order": false,
          },
          "module": "test/unit/filemapper/example/routes/blog/prefixed[slug].svelte",
          "name": "prefixed[slug]",
        },
      ],
      "file": File {
        "base": "blog",
        "dir": "test/unit/filemapper/example/routes",
        "ext": "",
        "name": "blog",
        "path": "test/unit/filemapper/example/routes/blog",
      },
      "id": "_default_blog",
      "meta": Object {},
      "module": false,
      "name": "blog",
    },
    Object {
      "asyncModule": undefined,
      "children": Array [],
      "file": File {
        "base": "index.svelte",
        "dir": "test/unit/filemapper/example/routes",
        "ext": ".svelte",
        "name": "index",
        "path": "test/unit/filemapper/example/routes/index.svelte",
      },
      "id": "_default_index_svelte",
      "meta": Object {
        "isDefault": true,
      },
      "module": "test/unit/filemapper/example/routes/index.svelte",
      "name": "index",
    },
    Object {
      "asyncModule": undefined,
      "children": Array [
        Object {
          "asyncModule": undefined,
          "children": Array [
            Object {
              "asyncModule": undefined,
              "children": Array [],
              "file": File {
                "base": "foo.svelte",
                "dir": "test/unit/filemapper/example/routes/no-layouts/nested",
                "ext": ".svelte",
                "name": "foo",
                "path": "test/unit/filemapper/example/routes/no-layouts/nested/foo.svelte",
              },
              "id": "_default_no_layouts_nested_foo_svelte",
              "meta": Object {},
              "module": "test/unit/filemapper/example/routes/no-layouts/nested/foo.svelte",
              "name": "foo",
            },
            Object {
              "asyncModule": undefined,
              "children": Array [],
              "file": File {
                "base": "index.svelte",
                "dir": "test/unit/filemapper/example/routes/no-layouts/nested",
                "ext": ".svelte",
                "name": "index",
                "path": "test/unit/filemapper/example/routes/no-layouts/nested/index.svelte",
              },
              "id": "_default_no_layouts_nested_index_svelte",
              "meta": Object {
                "isDefault": true,
              },
              "module": "test/unit/filemapper/example/routes/no-layouts/nested/index.svelte",
              "name": "index",
            },
          ],
          "file": File {
            "base": "nested",
            "dir": "test/unit/filemapper/example/routes/no-layouts",
            "ext": "",
            "name": "nested",
            "path": "test/unit/filemapper/example/routes/no-layouts/nested",
          },
          "id": "_default_no_layouts_nested",
          "meta": Object {},
          "module": false,
          "name": "nested",
        },
      ],
      "file": File {
        "base": "no-layouts",
        "dir": "test/unit/filemapper/example/routes",
        "ext": "",
        "name": "no-layouts",
        "path": "test/unit/filemapper/example/routes/no-layouts",
      },
      "id": "_default_no_layouts",
      "meta": Object {},
      "module": false,
      "name": "no-layouts",
    },
  ],
  "file": File {
    "base": "_module.svelte",
    "dir": "test/unit/filemapper/example/routes",
    "ext": ".svelte",
    "name": "_module",
    "path": "test/unit/filemapper/example/routes/_module.svelte",
  },
  "id": "_default",
  "meta": Object {},
  "module": "test/unit/filemapper/example/routes/_module.svelte",
  "name": "",
  "rootName": "default",
}
`;
